#! /c/Source/iverilog-install/bin/vvp
:ivl_version "12.0 (devel)" "(s20150603-1539-g2693dd32b)";
:ivl_delay_selection "TYPICAL";
:vpi_time_precision - 12;
:vpi_module "C:\iverilog\lib\ivl\system.vpi";
:vpi_module "C:\iverilog\lib\ivl\vhdl_sys.vpi";
:vpi_module "C:\iverilog\lib\ivl\vhdl_textio.vpi";
:vpi_module "C:\iverilog\lib\ivl\v2005_math.vpi";
:vpi_module "C:\iverilog\lib\ivl\va_math.vpi";
S_0000019043fb3ce0 .scope module, "datapath_tb" "datapath_tb" 2 16;
 .timescale -9 -12;
v00000190440318a0_0 .var "alu_ctrl", 2 0;
v0000019044033560_0 .net "alu_result", 31 0, v0000019043fafec0_0;  1 drivers
v00000190440331a0_0 .var "alu_src", 0 0;
v00000190440316c0_0 .var "clk", 0 0;
v0000019044032d40_0 .var "mem_to_reg", 0 0;
v00000190440322a0_0 .var "mem_write_en", 0 0;
v0000019044032020_0 .net "pc_out", 31 0, L_0000019043fb2e90;  1 drivers
v0000019044031da0_0 .var "reg_dst", 0 0;
v0000019044031c60_0 .var "reg_write_en", 0 0;
v0000019044031ee0_0 .var "rst_n", 0 0;
S_0000019043fb4300 .scope module, "uut" "datapath" 2 41, 3 3 0, S_0000019043fb3ce0;
 .timescale -9 -12;
    .port_info 0 /INPUT 1 "clk";
    .port_info 1 /INPUT 1 "rst_n";
    .port_info 2 /INPUT 1 "reg_write_en";
    .port_info 3 /INPUT 1 "reg_dst";
    .port_info 4 /INPUT 1 "alu_src";
    .port_info 5 /INPUT 3 "alu_ctrl";
    .port_info 6 /INPUT 1 "mem_write_en";
    .port_info 7 /INPUT 1 "mem_to_reg";
    .port_info 8 /OUTPUT 32 "pc_out";
    .port_info 9 /OUTPUT 32 "alu_result";
L_0000019043fb2e90 .functor BUFZ 32, L_0000019043fb3440, C4<00000000000000000000000000000000>, C4<00000000000000000000000000000000>, C4<00000000000000000000000000000000>;
v000001904402fc80_0 .net *"_ivl_13", 0 0, L_0000019044032b60;  1 drivers
v000001904402f500_0 .net *"_ivl_14", 15 0, L_0000019044032ca0;  1 drivers
v0000019044030220_0 .net *"_ivl_17", 15 0, L_0000019044032e80;  1 drivers
v000001904402fb40_0 .net *"_ivl_3", 4 0, L_0000019044032160;  1 drivers
v000001904402fbe0_0 .net *"_ivl_5", 4 0, L_00000190440327a0;  1 drivers
v000001904402fd20_0 .net "alu_ctrl", 2 0, v00000190440318a0_0;  1 drivers
v000001904402ff00_0 .net "alu_result", 31 0, v0000019043fafec0_0;  alias, 1 drivers
v000001904402ffa0_0 .net "alu_src", 0 0, v00000190440331a0_0;  1 drivers
v00000190440304a0_0 .net "clk", 0 0, v00000190440316c0_0;  1 drivers
v0000019044030540_0 .net "instr", 31 0, L_0000019043fb2cd0;  1 drivers
v000001904402e6a0_0 .net "mem_to_reg", 0 0, v0000019044032d40_0;  1 drivers
v000001904402e880_0 .net "mem_write_en", 0 0, v00000190440322a0_0;  1 drivers
v0000019044031800_0 .net "pc", 31 0, L_0000019043fb3440;  1 drivers
v0000019044031b20_0 .net "pc_out", 31 0, L_0000019043fb2e90;  alias, 1 drivers
v0000019044031940_0 .net "rd1", 31 0, L_0000019044032480;  1 drivers
v0000019044031e40_0 .net "rd2", 31 0, L_0000019044032de0;  1 drivers
v00000190440319e0_0 .net "read_data", 31 0, L_0000019043fb3130;  1 drivers
v0000019044032700_0 .net "reg_dst", 0 0, v0000019044031da0_0;  1 drivers
v0000019044032ac0_0 .net "reg_write_en", 0 0, v0000019044031c60_0;  1 drivers
v0000019044032980_0 .net "result", 31 0, L_00000190440332e0;  1 drivers
v0000019044032520_0 .net "rst_n", 0 0, v0000019044031ee0_0;  1 drivers
v0000019044031f80_0 .net "sign_imm", 31 0, L_0000019044031760;  1 drivers
v0000019044031a80_0 .net "src_b", 31 0, L_00000190440334c0;  1 drivers
v0000019044032660_0 .net "write_reg", 4 0, L_0000019044032340;  1 drivers
v0000019044031bc0_0 .net "zero_flag", 0 0, L_0000019044032f20;  1 drivers
L_0000019044032160 .part L_0000019043fb2cd0, 11, 5;
L_00000190440327a0 .part L_0000019043fb2cd0, 16, 5;
L_0000019044032340 .functor MUXZ 5, L_00000190440327a0, L_0000019044032160, v0000019044031da0_0, C4<>;
L_00000190440328e0 .part L_0000019043fb2cd0, 21, 5;
L_0000019044032a20 .part L_0000019043fb2cd0, 16, 5;
L_0000019044032b60 .part L_0000019043fb2cd0, 15, 1;
LS_0000019044032ca0_0_0 .concat [ 1 1 1 1], L_0000019044032b60, L_0000019044032b60, L_0000019044032b60, L_0000019044032b60;
LS_0000019044032ca0_0_4 .concat [ 1 1 1 1], L_0000019044032b60, L_0000019044032b60, L_0000019044032b60, L_0000019044032b60;
LS_0000019044032ca0_0_8 .concat [ 1 1 1 1], L_0000019044032b60, L_0000019044032b60, L_0000019044032b60, L_0000019044032b60;
LS_0000019044032ca0_0_12 .concat [ 1 1 1 1], L_0000019044032b60, L_0000019044032b60, L_0000019044032b60, L_0000019044032b60;
L_0000019044032ca0 .concat [ 4 4 4 4], LS_0000019044032ca0_0_0, LS_0000019044032ca0_0_4, LS_0000019044032ca0_0_8, LS_0000019044032ca0_0_12;
L_0000019044032e80 .part L_0000019043fb2cd0, 0, 16;
L_0000019044031760 .concat [ 16 16 0 0], L_0000019044032e80, L_0000019044032ca0;
L_00000190440334c0 .functor MUXZ 32, L_0000019044032de0, L_0000019044031760, v00000190440331a0_0, C4<>;
L_00000190440332e0 .functor MUXZ 32, v0000019043fafec0_0, L_0000019043fb3130, v0000019044032d40_0, C4<>;
S_0000019043fb4490 .scope module, "u_alu" "alu" 3 59, 4 2 0, S_0000019043fb4300;
 .timescale -9 -12;
    .port_info 0 /INPUT 32 "src_a";
    .port_info 1 /INPUT 32 "src_b";
    .port_info 2 /INPUT 3 "alu_ctrl";
    .port_info 3 /OUTPUT 32 "result";
    .port_info 4 /OUTPUT 1 "zero";
L_00000190443b0280 .functor BUFT 1, C4<00000000000000000000000000000000>, C4<0>, C4<0>, C4<0>;
v0000019043faff60_0 .net/2u *"_ivl_0", 31 0, L_00000190443b0280;  1 drivers
v0000019043faf7e0_0 .net "alu_ctrl", 2 0, v00000190440318a0_0;  alias, 1 drivers
v0000019043fafec0_0 .var "result", 31 0;
v0000019043fafb00_0 .net "src_a", 31 0, L_0000019044032480;  alias, 1 drivers
v0000019043fafba0_0 .net "src_b", 31 0, L_00000190440334c0;  alias, 1 drivers
v0000019043fafc40_0 .net "zero", 0 0, L_0000019044032f20;  alias, 1 drivers
E_0000019043fd9730 .event anyedge, v0000019043faf7e0_0, v0000019043fafb00_0, v0000019043fafba0_0;
L_0000019044032f20 .cmp/eq 32, v0000019043fafec0_0, L_00000190443b0280;
S_0000019043fcb1f0 .scope module, "u_data_mem" "data_memory" 3 68, 5 2 0, S_0000019043fb4300;
 .timescale -9 -12;
    .port_info 0 /INPUT 1 "clk";
    .port_info 1 /INPUT 1 "mem_write_en";
    .port_info 2 /INPUT 32 "addr";
    .port_info 3 /INPUT 32 "write_data";
    .port_info 4 /OUTPUT 32 "read_data";
P_0000019043fb3ad0 .param/l "DEPTH" 0 5 4, +C4<00000000000000000000000100000000>;
P_0000019043fb3b08 .param/l "WIDTH" 0 5 3, +C4<00000000000000000000000000100000>;
L_0000019043fb3130 .functor BUFZ 32, L_0000019044032fc0, C4<00000000000000000000000000000000>, C4<00000000000000000000000000000000>, C4<00000000000000000000000000000000>;
v0000019043faf600_0 .net *"_ivl_0", 31 0, L_0000019044032fc0;  1 drivers
v0000019043fafd80_0 .net *"_ivl_3", 29 0, L_0000019044033100;  1 drivers
v0000019043faf380_0 .net "addr", 31 0, v0000019043fafec0_0;  alias, 1 drivers
v0000019043fafe20_0 .net "clk", 0 0, v00000190440316c0_0;  alias, 1 drivers
v0000019043fb00a0_0 .net "mem_write_en", 0 0, v00000190440322a0_0;  alias, 1 drivers
v0000019043fb0140 .array "ram", 255 0, 31 0;
v0000019043fb01e0_0 .net "read_data", 31 0, L_0000019043fb3130;  alias, 1 drivers
v000001904402fdc0_0 .net "write_data", 31 0, L_0000019044032de0;  alias, 1 drivers
E_0000019043fd9070 .event posedge, v0000019043fafe20_0;
L_0000019044032fc0 .array/port v0000019043fb0140, L_0000019044033100;
L_0000019044033100 .part v0000019043fafec0_0, 2, 30;
S_0000019043fcb380 .scope module, "u_if_stage" "if_stage" 3 29, 6 2 0, S_0000019043fb4300;
 .timescale -9 -12;
    .port_info 0 /INPUT 1 "clk";
    .port_info 1 /INPUT 1 "rst_n";
    .port_info 2 /OUTPUT 32 "instr";
    .port_info 3 /OUTPUT 32 "current_pc";
L_0000019043fb3440 .functor BUFZ 32, v000001904402f320_0, C4<00000000000000000000000000000000>, C4<00000000000000000000000000000000>, C4<00000000000000000000000000000000>;
L_00000190443b0088 .functor BUFT 1, C4<00000000000000000000000000000100>, C4<0>, C4<0>, C4<0>;
v000001904402ece0_0 .net/2u *"_ivl_0", 31 0, L_00000190443b0088;  1 drivers
v0000019044030040_0 .net "clk", 0 0, v00000190440316c0_0;  alias, 1 drivers
v00000190440302c0_0 .net "current_pc", 31 0, L_0000019043fb3440;  alias, 1 drivers
v00000190440300e0_0 .net "instr", 31 0, L_0000019043fb2cd0;  alias, 1 drivers
v000001904402ea60_0 .net "pc", 31 0, v000001904402f320_0;  1 drivers
v000001904402f960_0 .net "pc_next", 31 0, L_0000019044033240;  1 drivers
v000001904402f3c0_0 .net "rst_n", 0 0, v0000019044031ee0_0;  alias, 1 drivers
L_0000019044033240 .arith/sum 32, v000001904402f320_0, L_00000190443b0088;
S_0000019043fc6580 .scope module, "u_imem" "instruction_memory" 6 20, 7 2 0, S_0000019043fcb380;
 .timescale -9 -12;
    .port_info 0 /INPUT 32 "addr";
    .port_info 1 /OUTPUT 32 "rd";
P_0000019043fb47b0 .param/l "DEPTH" 0 7 4, +C4<00000000000000000000000100000000>;
P_0000019043fb47e8 .param/l "WIDTH" 0 7 3, +C4<00000000000000000000000000100000>;
L_0000019043fb2cd0 .functor BUFZ 32, L_00000190440320c0, C4<00000000000000000000000000000000>, C4<00000000000000000000000000000000>, C4<00000000000000000000000000000000>;
v000001904402eec0_0 .net *"_ivl_0", 31 0, L_00000190440320c0;  1 drivers
v000001904402f140_0 .net *"_ivl_3", 29 0, L_0000019044033060;  1 drivers
v000001904402fa00_0 .net "addr", 31 0, v000001904402f320_0;  alias, 1 drivers
v000001904402eb00 .array "ram", 255 0, 31 0;
v000001904402ef60_0 .net "rd", 31 0, L_0000019043fb2cd0;  alias, 1 drivers
L_00000190440320c0 .array/port v000001904402eb00, L_0000019044033060;
L_0000019044033060 .part v000001904402f320_0, 2, 30;
S_0000019043fc6710 .scope module, "u_pc" "pc" 6 11, 8 2 0, S_0000019043fcb380;
 .timescale -9 -12;
    .port_info 0 /INPUT 1 "clk";
    .port_info 1 /INPUT 1 "rst_n";
    .port_info 2 /INPUT 32 "pc_next";
    .port_info 3 /OUTPUT 32 "pc";
v000001904402f0a0_0 .net "clk", 0 0, v00000190440316c0_0;  alias, 1 drivers
v000001904402f320_0 .var "pc", 31 0;
v000001904402f1e0_0 .net "pc_next", 31 0, L_0000019044033240;  alias, 1 drivers
v000001904402f460_0 .net "rst_n", 0 0, v0000019044031ee0_0;  alias, 1 drivers
E_0000019043fd9ef0/0 .event negedge, v000001904402f460_0;
E_0000019043fd9ef0/1 .event posedge, v0000019043fafe20_0;
E_0000019043fd9ef0 .event/or E_0000019043fd9ef0/0, E_0000019043fd9ef0/1;
S_0000019043fc8570 .scope module, "u_reg_file" "reg_file" 3 41, 9 2 0, S_0000019043fb4300;
 .timescale -9 -12;
    .port_info 0 /INPUT 1 "clk";
    .port_info 1 /INPUT 1 "we3";
    .port_info 2 /INPUT 5 "wa3";
    .port_info 3 /INPUT 32 "wd3";
    .port_info 4 /INPUT 5 "ra1";
    .port_info 5 /INPUT 5 "ra2";
    .port_info 6 /OUTPUT 32 "rd1";
    .port_info 7 /OUTPUT 32 "rd2";
L_00000190443b00d0 .functor BUFT 1, C4<00000>, C4<0>, C4<0>, C4<0>;
v0000019044030400_0 .net/2u *"_ivl_0", 4 0, L_00000190443b00d0;  1 drivers
L_00000190443b0160 .functor BUFT 1, C4<00>, C4<0>, C4<0>, C4<0>;
v000001904402f5a0_0 .net *"_ivl_11", 1 0, L_00000190443b0160;  1 drivers
L_00000190443b01a8 .functor BUFT 1, C4<00000>, C4<0>, C4<0>, C4<0>;
v000001904402ed80_0 .net/2u *"_ivl_14", 4 0, L_00000190443b01a8;  1 drivers
v000001904402eba0_0 .net *"_ivl_16", 0 0, L_00000190440323e0;  1 drivers
L_00000190443b01f0 .functor BUFT 1, C4<00000000000000000000000000000000>, C4<0>, C4<0>, C4<0>;
v000001904402e920_0 .net/2u *"_ivl_18", 31 0, L_00000190443b01f0;  1 drivers
v000001904402ee20_0 .net *"_ivl_2", 0 0, L_0000019044031d00;  1 drivers
v000001904402ec40_0 .net *"_ivl_20", 31 0, L_0000019044032c00;  1 drivers
v0000019044030180_0 .net *"_ivl_22", 6 0, L_00000190440325c0;  1 drivers
L_00000190443b0238 .functor BUFT 1, C4<00>, C4<0>, C4<0>, C4<0>;
v000001904402faa0_0 .net *"_ivl_25", 1 0, L_00000190443b0238;  1 drivers
L_00000190443b0118 .functor BUFT 1, C4<00000000000000000000000000000000>, C4<0>, C4<0>, C4<0>;
v000001904402f640_0 .net/2u *"_ivl_4", 31 0, L_00000190443b0118;  1 drivers
v000001904402f000_0 .net *"_ivl_6", 31 0, L_0000019044032200;  1 drivers
v000001904402e9c0_0 .net *"_ivl_8", 6 0, L_0000019044032840;  1 drivers
v000001904402f6e0_0 .net "clk", 0 0, v00000190440316c0_0;  alias, 1 drivers
v000001904402f780_0 .net "ra1", 4 0, L_00000190440328e0;  1 drivers
v000001904402f820_0 .net "ra2", 4 0, L_0000019044032a20;  1 drivers
v000001904402e740_0 .net "rd1", 31 0, L_0000019044032480;  alias, 1 drivers
v000001904402f280_0 .net "rd2", 31 0, L_0000019044032de0;  alias, 1 drivers
v000001904402fe60 .array "rf", 0 31, 31 0;
v000001904402e7e0_0 .net "wa3", 4 0, L_0000019044032340;  alias, 1 drivers
v0000019044030360_0 .net "wd3", 31 0, L_00000190440332e0;  alias, 1 drivers
v000001904402f8c0_0 .net "we3", 0 0, v0000019044031c60_0;  alias, 1 drivers
L_0000019044031d00 .cmp/eq 5, L_00000190440328e0, L_00000190443b00d0;
L_0000019044032200 .array/port v000001904402fe60, L_0000019044032840;
L_0000019044032840 .concat [ 5 2 0 0], L_00000190440328e0, L_00000190443b0160;
L_0000019044032480 .functor MUXZ 32, L_0000019044032200, L_00000190443b0118, L_0000019044031d00, C4<>;
L_00000190440323e0 .cmp/eq 5, L_0000019044032a20, L_00000190443b01a8;
L_0000019044032c00 .array/port v000001904402fe60, L_00000190440325c0;
L_00000190440325c0 .concat [ 5 2 0 0], L_0000019044032a20, L_00000190443b0238;
L_0000019044032de0 .functor MUXZ 32, L_0000019044032c00, L_00000190443b01f0, L_00000190440323e0, C4<>;
    .scope S_0000019043fc6710;
T_0 ;
    %wait E_0000019043fd9ef0;
    %load/vec4 v000001904402f460_0;
    %nor/r;
    %flag_set/vec4 8;
    %jmp/0xz  T_0.0, 8;
    %pushi/vec4 0, 0, 32;
    %assign/vec4 v000001904402f320_0, 0;
    %jmp T_0.1;
T_0.0 ;
    %load/vec4 v000001904402f1e0_0;
    %assign/vec4 v000001904402f320_0, 0;
T_0.1 ;
    %jmp T_0;
    .thread T_0;
    .scope S_0000019043fc6580;
T_1 ;
    %vpi_call 7 12 "$readmemh", "memfile.dat", v000001904402eb00 {0 0 0};
    %end;
    .thread T_1;
    .scope S_0000019043fc8570;
T_2 ;
    %wait E_0000019043fd9070;
    %load/vec4 v000001904402f8c0_0;
    %flag_set/vec4 9;
    %flag_get/vec4 9;
    %jmp/0 T_2.2, 9;
    %load/vec4 v000001904402e7e0_0;
    %pushi/vec4 0, 0, 5;
    %cmp/ne;
    %flag_get/vec4 4;
    %and;
T_2.2;
    %flag_set/vec4 8;
    %jmp/0xz  T_2.0, 8;
    %load/vec4 v0000019044030360_0;
    %load/vec4 v000001904402e7e0_0;
    %pad/u 7;
    %ix/vec4 3;
    %ix/load 4, 0, 0; Constant delay
    %assign/vec4/a/d v000001904402fe60, 0, 4;
T_2.0 ;
    %jmp T_2;
    .thread T_2;
    .scope S_0000019043fb4490;
T_3 ;
    %wait E_0000019043fd9730;
    %load/vec4 v0000019043faf7e0_0;
    %dup/vec4;
    %pushi/vec4 0, 0, 3;
    %cmp/u;
    %jmp/1 T_3.0, 6;
    %dup/vec4;
    %pushi/vec4 1, 0, 3;
    %cmp/u;
    %jmp/1 T_3.1, 6;
    %dup/vec4;
    %pushi/vec4 2, 0, 3;
    %cmp/u;
    %jmp/1 T_3.2, 6;
    %dup/vec4;
    %pushi/vec4 6, 0, 3;
    %cmp/u;
    %jmp/1 T_3.3, 6;
    %dup/vec4;
    %pushi/vec4 7, 0, 3;
    %cmp/u;
    %jmp/1 T_3.4, 6;
    %pushi/vec4 0, 0, 32;
    %store/vec4 v0000019043fafec0_0, 0, 32;
    %jmp T_3.6;
T_3.0 ;
    %load/vec4 v0000019043fafb00_0;
    %load/vec4 v0000019043fafba0_0;
    %and;
    %store/vec4 v0000019043fafec0_0, 0, 32;
    %jmp T_3.6;
T_3.1 ;
    %load/vec4 v0000019043fafb00_0;
    %load/vec4 v0000019043fafba0_0;
    %or;
    %store/vec4 v0000019043fafec0_0, 0, 32;
    %jmp T_3.6;
T_3.2 ;
    %load/vec4 v0000019043fafb00_0;
    %load/vec4 v0000019043fafba0_0;
    %add;
    %store/vec4 v0000019043fafec0_0, 0, 32;
    %jmp T_3.6;
T_3.3 ;
    %load/vec4 v0000019043fafb00_0;
    %load/vec4 v0000019043fafba0_0;
    %sub;
    %store/vec4 v0000019043fafec0_0, 0, 32;
    %jmp T_3.6;
T_3.4 ;
    %load/vec4 v0000019043fafb00_0;
    %load/vec4 v0000019043fafba0_0;
    %cmp/s;
    %flag_mov 8, 5;
    %jmp/0 T_3.7, 8;
    %pushi/vec4 1, 0, 32;
    %jmp/1 T_3.8, 8;
T_3.7 ; End of true expr.
    %pushi/vec4 0, 0, 32;
    %jmp/0 T_3.8, 8;
 ; End of false expr.
    %blend;
T_3.8;
    %store/vec4 v0000019043fafec0_0, 0, 32;
    %jmp T_3.6;
T_3.6 ;
    %pop/vec4 1;
    %jmp T_3;
    .thread T_3, $push;
    .scope S_0000019043fcb1f0;
T_4 ;
    %wait E_0000019043fd9070;
    %load/vec4 v0000019043fb00a0_0;
    %flag_set/vec4 8;
    %jmp/0xz  T_4.0, 8;
    %load/vec4 v000001904402fdc0_0;
    %load/vec4 v0000019043faf380_0;
    %parti/s 30, 2, 3;
    %ix/vec4 3;
    %ix/load 4, 0, 0; Constant delay
    %assign/vec4/a/d v0000019043fb0140, 0, 4;
T_4.0 ;
    %jmp T_4;
    .thread T_4;
    .scope S_0000019043fb3ce0;
T_5 ;
    %pushi/vec4 0, 0, 1;
    %store/vec4 v00000190440316c0_0, 0, 1;
T_5.0 ;
    %delay 5000, 0;
    %load/vec4 v00000190440316c0_0;
    %inv;
    %store/vec4 v00000190440316c0_0, 0, 1;
    %jmp T_5.0;
    %end;
    .thread T_5;
    .scope S_0000019043fb3ce0;
T_6 ;
    %vpi_call 2 66 "$dumpfile", "datapath.vcd" {0 0 0};
    %vpi_call 2 67 "$dumpvars", 32'sb00000000000000000000000000000000, S_0000019043fb3ce0 {0 0 0};
    %end;
    .thread T_6;
    .scope S_0000019043fb3ce0;
T_7 ;
    %pushi/vec4 0, 0, 1;
    %store/vec4 v0000019044031ee0_0, 0, 1;
    %pushi/vec4 0, 0, 1;
    %store/vec4 v0000019044031c60_0, 0, 1;
    %pushi/vec4 0, 0, 1;
    %store/vec4 v0000019044031da0_0, 0, 1;
    %pushi/vec4 0, 0, 1;
    %store/vec4 v00000190440331a0_0, 0, 1;
    %pushi/vec4 0, 0, 3;
    %store/vec4 v00000190440318a0_0, 0, 3;
    %pushi/vec4 0, 0, 1;
    %store/vec4 v00000190440322a0_0, 0, 1;
    %pushi/vec4 0, 0, 1;
    %store/vec4 v0000019044032d40_0, 0, 1;
    %delay 10000, 0;
    %pushi/vec4 1, 0, 1;
    %store/vec4 v0000019044031ee0_0, 0, 1;
    %vpi_call 2 86 "$display", "--- Start Simulation ---" {0 0 0};
    %pushi/vec4 1, 0, 1;
    %store/vec4 v0000019044031c60_0, 0, 1;
    %pushi/vec4 1, 0, 1;
    %store/vec4 v00000190440331a0_0, 0, 1;
    %pushi/vec4 2, 0, 3;
    %store/vec4 v00000190440318a0_0, 0, 3;
    %pushi/vec4 0, 0, 1;
    %store/vec4 v0000019044031da0_0, 0, 1;
    %pushi/vec4 0, 0, 1;
    %store/vec4 v00000190440322a0_0, 0, 1;
    %delay 2000, 0;
    %vpi_call 2 100 "$display", "PC: %h | Result: %d (Expected 7)", v0000019044032020_0, v0000019044033560_0 {0 0 0};
    %wait E_0000019043fd9070;
    %delay 1000, 0;
    %pushi/vec4 1, 0, 1;
    %store/vec4 v0000019044031c60_0, 0, 1;
    %pushi/vec4 1, 0, 1;
    %store/vec4 v00000190440331a0_0, 0, 1;
    %pushi/vec4 2, 0, 3;
    %store/vec4 v00000190440318a0_0, 0, 3;
    %pushi/vec4 0, 0, 1;
    %store/vec4 v0000019044031da0_0, 0, 1;
    %pushi/vec4 0, 0, 1;
    %store/vec4 v00000190440322a0_0, 0, 1;
    %delay 2000, 0;
    %vpi_call 2 115 "$display", "PC: %h | Result: %d (Expected 3)", v0000019044032020_0, v0000019044033560_0 {0 0 0};
    %wait E_0000019043fd9070;
    %delay 1000, 0;
    %pushi/vec4 1, 0, 1;
    %store/vec4 v0000019044031c60_0, 0, 1;
    %pushi/vec4 0, 0, 1;
    %store/vec4 v00000190440331a0_0, 0, 1;
    %pushi/vec4 6, 0, 3;
    %store/vec4 v00000190440318a0_0, 0, 3;
    %pushi/vec4 1, 0, 1;
    %store/vec4 v0000019044031da0_0, 0, 1;
    %pushi/vec4 0, 0, 1;
    %store/vec4 v00000190440322a0_0, 0, 1;
    %delay 2000, 0;
    %vpi_call 2 131 "$display", "PC: %h | Result: %d (Expected 4)", v0000019044032020_0, v0000019044033560_0 {0 0 0};
    %wait E_0000019043fd9070;
    %delay 20000, 0;
    %vpi_call 2 140 "$finish" {0 0 0};
    %end;
    .thread T_7;
# The file index is used to find the file name in the following table.
:file_names 10;
    "N/A";
    "<interactive>";
    "datapath_tb.v";
    "datapath.v";
    "alu.v";
    "data_memory.v";
    "if_stage.v";
    "instruction_memory.v";
    "pc.v";
    "reg_file.v";
